13:35:36 s521 start avail 1268MB
13:38:32 s521 exit 0
13:38:32 s522 start avail 1436MB
13:40:30 s522 exit 0
13:40:30 s523 start avail 1552MB
13:42:42 s523 exit 0
13:42:42 s524 start avail 1478MB
13:45:32 s524 exit 0
13:45:32 s525 start avail 1376MB
13:55:06 s525 exit 0
13:55:48 POSTHOC diagnostic launched after the pre-registered verdict was computed (CANNOT_DETERMINE); labelled post-hoc
13:55:50 POSTHOC s521 start avail 1360MB
13:58:32 POSTHOC s521 exit 0
13:58:32 POSTHOC s522 start avail 2166MB
14:00:36 POSTHOC s522 exit 0
14:00:36 POSTHOC s523 start avail 2232MB
14:02:48 POSTHOC s523 exit 0
14:02:48 POSTHOC s524 start avail 2182MB
14:05:28 POSTHOC s524 exit 0
14:05:28 POSTHOC s525 start avail 2179MB
14:15:49 POSTHOC s525 exit 0
