/Users/dgolden/REE_Working/REE_assembly/evidence/planning/probes/rollout/rollout_fidelity_probe.py:101: UserWarning: REEConfig.from_dims() called without an explicit alpha_world= kwarg: defaulting to alpha_world=0.3. SD-008 requires alpha_world >= 0.9 for a stable operating point (encoder EMA double-smoothing suppresses event responses below that floor). This does not change behaviour -- pass alpha_world= explicitly (0.3 to keep current behaviour, >= 0.9 for the SD-008 floor) to silence this warning.
  cfg = REEConfig.from_dims(**kw)
[n2 s106 reencode/real t=   3s] INIT disc4 0.2800 B0 0.2967 (benign)
[n2 s106 reencode/real t=   3s] members ['e2_world', 'world_encoder'] W3 W=26 alpha_world=0.30 latent=reencode
[n2 s106 reencode/real t=   5s] babble done: retained 2283 classes [489, 447, 485, 521, 458]
[n2 s106 reencode/real t=  13s] pre disc4 0.4333 k 9
[n2 s106 reencode/real t= 136s] post ep 0 done (123s) steps {'e2_world': 4600, 'world_encoder': 200}
Traceback (most recent call last):
  File "/Users/dgolden/REE_Working/.scratch/breakthrough-20260924/n2/n2_probe.py", line 263, in <module>
    saved_tr = agent.waking_trainer
          ^^^^^^^^^^^^^^^^^^^^
  File "/opt/local/Library/Frameworks/Python.framework/Versions/3.13/lib/python3.13/copy.py", line 163, in deepcopy
    y = _reconstruct(x, memo, *rv)
  File "/opt/local/Library/Frameworks/Python.framework/Versions/3.13/lib/python3.13/copy.py", line 260, in _reconstruct
    state = deepcopy(state, memo)
  File "/opt/local/Library/Frameworks/Python.framework/Versions/3.13/lib/python3.13/copy.py", line 137, in deepcopy
    y = copier(x, memo)
  File "/opt/local/Library/Frameworks/Python.framework/Versions/3.13/lib/python3.13/copy.py", line 222, in _deepcopy_dict
    y[deepcopy(key, memo)] = deepcopy(value, memo)
                             ~~~~~~~~^^^^^^^^^^^^^
  File "/opt/local/Library/Frameworks/Python.framework/Versions/3.13/lib/python3.13/copy.py", line 137, in deepcopy
    y = copier(x, memo)
  File "/opt/local/Library/Frameworks/Python.framework/Versions/3.13/lib/python3.13/copy.py", line 222, in _deepcopy_dict
    y[deepcopy(key, memo)] = deepcopy(value, memo)
                             ~~~~~~~~^^^^^^^^^^^^^
  File "/opt/local/Library/Frameworks/Python.framework/Versions/3.13/lib/python3.13/copy.py", line 163, in deepcopy
    y = _reconstruct(x, memo, *rv)
  File "/opt/local/Library/Frameworks/Python.framework/Versions/3.13/lib/python3.13/copy.py", line 260, in _reconstruct
    state = deepcopy(state, memo)
  File "/opt/local/Library/Frameworks/Python.framework/Versions/3.13/lib/python3.13/copy.py", line 137, in deepcopy
    y = copier(x, memo)
  File "/opt/local/Library/Frameworks/Python.framework/Versions/3.13/lib/python3.13/copy.py", line 222, in _deepcopy_dict
    y[deepcopy(key, memo)] = deepcopy(value, memo)
                             ~~~~~~~~^^^^^^^^^^^^^
  File "/opt/local/Library/Frameworks/Python.framework/Versions/3.13/lib/python3.13/copy.py", line 152, in deepcopy
    rv = reductor(4)
TypeError: cannot pickle 'module' object
